// Jest Snapshot v1, https://goo.gl/fbAQLP

exports[`<MovieCard/> renders correctly 1`] = `
<article
  className="small-movie-card catalog__movies-card"
  onMouseOver={[Function]}
>
  <div
    className="small-movie-card__image"
  >
    <img
      alt="The Lord of the Rings: The Return of the King"
      height="175"
      src="img/poster-1.jpg"
      width="280"
    />
  </div>
  <h3
    className="small-movie-card__title"
    onClick={[Function]}
  >
    <a
      className="small-movie-card__link"
      href="movie-page.html"
    >
      The Lord of the Rings: The Return of the King
    </a>
  </h3>
</article>
`;
